
Running 1 test using 1 worker

  Γ£ÿ  1 [chromium] ΓÇ║ tests\player_names.spec.js:4:5 ΓÇ║ Player Name Defaults ΓÇ║ Verify default "Athlete" name when joining with empty name (1.0m)


  1) [chromium] ΓÇ║ tests\player_names.spec.js:4:5 ΓÇ║ Player Name Defaults ΓÇ║ Verify default "Athlete" name when joining with empty name 

    [31mTest timeout of 60000ms exceeded.[39m

    Error: page.fill: Test ended.
    Call log:
    [2m  - waiting for locator('input[placeholder="ENTER NAME"]')[22m


       8 |         // 1. Host creates room
       9 |         await hostPage.goto('http://localhost:3000');
    > 10 |         await hostPage.fill('input[placeholder="ENTER NAME"]', 'Captain');
         |                        ^
      11 |         await hostPage.click('button:has-text("HOST GAME")');
      12 |         await hostPage.click('button:has-text("START ROOM")');
      13 |
        at C:\Users\shaurya\Desktop\Code\ONLINE GAME\tests\player_names.spec.js:10:24

  1 failed
    [chromium] ΓÇ║ tests\player_names.spec.js:4:5 ΓÇ║ Player Name Defaults ΓÇ║ Verify default "Athlete" name when joining with empty name 
